/opt/conda/lib/python3.10/site-packages/torch/cuda/__init__.py:64: FutureWarning: The pynvml package is deprecated. Please install nvidia-ml-py instead. If you did not install pynvml directly, please report this to the maintainers of the package that installed pynvml for you.
  import pynvml  # type: ignore[import]
Traceback (most recent call last):
  File "/opt/conda/lib/python3.10/site-packages/flag_gems/runtime/backend/device.py", line 72, in get_vendor
    return self._get_vendor_from_lib()
  File "/opt/conda/lib/python3.10/site-packages/flag_gems/runtime/backend/device.py", line 139, in _get_vendor_from_lib
    raise RuntimeError("The method is not implemented")
RuntimeError: The method is not implemented

During handling of the above exception, another exception occurred:

Traceback (most recent call last):
  File "/root/.config/superpowers/worktrees/memrift-flagscale/memrift-split-copy-benchmark/flagscale/train/train_gpt.py", line 9, in <module>
    from megatron.core import parallel_state
  File "/opt/conda/lib/python3.10/site-packages/megatron/core/__init__.py", line 3, in <module>
    import megatron.core.tensor_parallel
  File "/opt/conda/lib/python3.10/site-packages/megatron/core/tensor_parallel/__init__.py", line 2, in <module>
    from .cross_entropy import vocab_parallel_cross_entropy
  File "/opt/conda/lib/python3.10/site-packages/megatron/core/tensor_parallel/cross_entropy.py", line 7, in <module>
    from megatron.core.parallel_state import (
  File "/opt/conda/lib/python3.10/site-packages/megatron/core/parallel_state.py", line 14, in <module>
    from .utils import GlobalMemoryBuffer, is_torch_min_version
  File "/opt/conda/lib/python3.10/site-packages/megatron/core/utils.py", line 44, in <module>
    from megatron.core.dist_checkpointing.mapping import ShardedTensor
  File "/opt/conda/lib/python3.10/site-packages/megatron/core/dist_checkpointing/__init__.py", line 5, in <module>
    from .serialization import (
  File "/opt/conda/lib/python3.10/site-packages/megatron/core/dist_checkpointing/serialization.py", line 30, in <module>
    from .state_dict_utils import load_preprocess, save_preprocess
  File "/opt/conda/lib/python3.10/site-packages/megatron/core/dist_checkpointing/state_dict_utils.py", line 17, in <module>
    from .validation import determine_global_metadata, validate_sharding_integrity
  File "/opt/conda/lib/python3.10/site-packages/megatron/core/dist_checkpointing/validation.py", line 26, in <module>
    from megatron.core.dist_checkpointing.strategies.base import (
  File "/opt/conda/lib/python3.10/site-packages/megatron/core/dist_checkpointing/strategies/__init__.py", line 4, in <module>
    from megatron.core.dist_checkpointing.strategies.common import register_default_common_strategies
  File "/opt/conda/lib/python3.10/site-packages/megatron/core/dist_checkpointing/strategies/common.py", line 13, in <module>
    from megatron.core.dist_checkpointing.strategies.base import (
  File "/opt/conda/lib/python3.10/site-packages/megatron/core/dist_checkpointing/strategies/base.py", line 12, in <module>
    from .async_utils import AsyncCallsQueue, AsyncRequest
  File "/opt/conda/lib/python3.10/site-packages/megatron/core/dist_checkpointing/strategies/async_utils.py", line 23, in <module>
    from megatron.plugin.platform import get_platform
  File "/opt/conda/lib/python3.10/site-packages/megatron/plugin/platform/__init__.py", line 7, in <module>
    register_platforms()
  File "/opt/conda/lib/python3.10/site-packages/megatron/plugin/platform/platform_register.py", line 35, in register_platforms
    from .platform_txda import PlatformTXDA
  File "/opt/conda/lib/python3.10/site-packages/megatron/plugin/platform/platform_txda.py", line 10, in <module>
    import flag_gems
  File "/opt/conda/lib/python3.10/site-packages/flag_gems/__init__.py", line 6, in <module>
    from flag_gems import testing  # noqa: F401
  File "/opt/conda/lib/python3.10/site-packages/flag_gems/testing/__init__.py", line 3, in <module>
    from flag_gems import runtime
  File "/opt/conda/lib/python3.10/site-packages/flag_gems/runtime/__init__.py", line 5, in <module>
    config_loader = ConfigLoader()
  File "/opt/conda/lib/python3.10/site-packages/flag_gems/runtime/configloader.py", line 21, in __init__
    self.device = DeviceDetector()
  File "/opt/conda/lib/python3.10/site-packages/flag_gems/runtime/backend/device.py", line 43, in __init__
    self.info = self.get_vendor(vendor_name)
  File "/opt/conda/lib/python3.10/site-packages/flag_gems/runtime/backend/device.py", line 74, in get_vendor
    return self._get_vendor_from_sys()
  File "/opt/conda/lib/python3.10/site-packages/flag_gems/runtime/backend/device.py", line 125, in _get_vendor_from_sys
    error.device_not_found()
  File "/opt/conda/lib/python3.10/site-packages/flag_gems/runtime/error.py", line 6, in device_not_found
    raise RuntimeError(
RuntimeError: No device were detected on your machine ! 
 Please check that your driver is complete. 
