1780039924 858
1780039925 858
1780039927 858
1780039928 858
1780039929 858
1780039931 858
1780039932 858
1780039933 858
1780039935 858
1780039936 858
1780039937 858
1780039939 858
1780039940 858
1780039941 858
1780039943 858
1780039944 858
1780039945 860
1780039947 941
1780039948 18177
1780039949 18655
1780039951 19553
1780039952 19553
1780039953 19553
1780039955 19553
1780039956 19553
1780039957 19553
1780039959 19553
1780039960 19553
1780039961 19553
1780039963 40561
1780039964 40563
1780039965 40563
1780039967 40563
1780039968 40725
1780039969 40725
1780039971 40725
1780039972 40725
1780039973 40725
1780039975 40725
1780039976 40725
1780039977 40725
1780039979 40725
1780039980 40725
1780039981 40725
1780039983 40725
1780039984 40725
1780039985 40725
1780039987 40725
1780039988 40725
1780039989 40726
1780039991 40725
1780039992 40725
1780039993 40725
1780039995 40725
1780039996 40725
1780039997 40713
1780039999 40599
1780040000 860
1780040001 860
1780040003 860
1780040004 858
1780040005 858
