1780039472 858
1780039474 858
1780039475 858
1780039477 858
1780039478 858
1780039479 858
1780039481 858
1780039482 858
1780039483 858
1780039485 858
1780039486 858
1780039487 858
1780039489 858
1780039490 858
1780039491 858
1780039493 858
1780039494 860
1780039495 941
1780039497 17864
1780039498 17865
1780039499 17866
1780039501 17868
1780039502 17869
1780039503 17870
1780039505 17872
1780039506 17873
1780039507 17875
1780039509 17876
1780039510 17877
1780039511 17879
1780039513 4658
1780039514 5448
1780039515 5448
1780039517 8227
1780039518 8457
1780039519 8457
1780039521 8457
1780039522 8457
1780039523 8457
1780039525 8457
1780039526 8457
1780039527 8457
1780039529 8457
1780039530 11274
1780039531 14740
1780039533 19651
1780039534 22187
1780039535 26057
1780039537 30227
1780039538 30227
1780039539 30228
1780039541 30228
1780039542 30229
1780039543 30230
1780039545 30230
1780039546 30230
1780039547 30230
1780039549 36272
1780039550 39402
1780039551 41459
1780039553 41459
1780039554 41459
1780039555 41459
1780039557 41459
1780039558 41459
1780039559 41459
1780039561 41459
1780039562 42461
1780039563 42461
1780039565 42461
1780039566 42462
1780039567 42462
1780039569 42462
1780039570 42462
1780039571 42462
1780039573 42462
1780039574 42462
1780039575 42462
1780039577 43464
1780039578 43464
1780039579 43464
1780039581 43464
1780039582 43464
1780039583 43464
1780039585 43464
1780039586 43464
1780039587 43464
1780039589 43464
1780039590 44466
1780039591 44466
1780039593 44466
1780039594 44466
1780039595 44466
1780039597 44466
1780039598 44466
1780039599 44466
1780039601 44466
1780039602 44466
1780039603 45468
1780039605 45468
1780039606 45468
1780039607 45468
1780039609 45468
1780039610 45468
1780039611 45468
1780039612 45468
1780039614 45468
1780039615 45468
1780039616 45468
1780039618 45468
1780039619 45468
1780039620 45468
1780039622 45468
1780039623 45468
1780039624 45468
1780039626 45468
1780039627 45468
1780039628 45468
1780039630 45468
1780039631 45468
1780039632 45468
1780039634 45468
1780039635 45468
1780039636 45468
1780039638 45468
1780039639 45468
1780039640 45468
1780039642 45468
1780039643 45630
1780039644 45630
1780039646 45630
1780039647 45630
1780039648 45630
1780039650 45630
1780039651 45630
1780039652 45630
1780039654 45630
1780039655 45630
1780039656 45630
1780039658 45630
1780039659 45630
1780039660 45630
1780039662 45630
1780039663 45630
1780039664 45630
1780039666 45630
1780039667 45630
1780039668 45632
1780039670 45636
1780039671 45636
1780039672 45636
1780039674 45636
1780039675 45636
1780039676 45636
1780039678 45636
1780039679 45636
1780039680 45636
1780039682 45636
1780039683 45636
1780039684 45636
1780039686 45636
1780039687 45636
1780039688 45636
1780039690 45636
1780039691 45636
1780039692 45636
1780039694 45636
1780039695 45636
1780039696 45636
1780039698 45636
1780039699 45636
1780039700 45636
1780039702 45636
1780039703 45636
1780039704 45636
1780039706 45636
1780039707 45636
1780039708 45636
1780039710 45636
1780039711 45636
1780039712 45636
1780039714 45636
1780039715 45636
1780039716 45636
1780039718 45636
1780039719 45636
1780039720 45636
1780039722 45636
1780039723 45636
1780039724 45608
1780039725 5430
1780039727 5430
